---
source: walicord-presentation/tests/settlement_presenter_integration.rs
expression: "render_snapshot_body(&complex_settleup_result(), &member_directory())"
---
### combined_svg
<svg xmlns="http://www.w3.org/2000/svg" width="449" height="364" viewBox="0 0 449 364">
<style>text { font-family: Noto Sans CJK JP; font-size: 14px; }</style>
<g transform="translate(89, 0)">


<rect width="270" height="206" fill="#cbd5e0" rx="4" />
<rect x="1" y="1" width="268" height="34" fill="#4a5568" rx="3" />
<text x="10" y="22" fill="#ffffff" text-anchor="start">メンバー</text>
<text x="162" y="22" fill="#ffffff" text-anchor="end">収支</text>
<text x="172" y="22" fill="#ffffff" text-anchor="start">状態</text>
<rect x="1" y="35" width="268" height="34" fill="#f7fafc" />
<text x="10" y="57" fill="#1a202c" text-anchor="start">Alice</text>
<text x="162" y="57" fill="#1a202c" text-anchor="end">+25</text>
<text x="172" y="57" fill="#1a202c" text-anchor="start">未確定</text>
<rect x="1" y="69" width="268" height="34" fill="#edf2f7" />
<text x="10" y="91" fill="#1a202c" text-anchor="start">Bob</text>
<text x="162" y="91" fill="#1a202c" text-anchor="end">-10</text>
<text x="172" y="91" fill="#1a202c" text-anchor="start">未確定</text>
<rect x="1" y="103" width="268" height="34" fill="#f7fafc" />
<text x="10" y="125" fill="#1a202c" text-anchor="start">Carol</text>
<text x="162" y="125" fill="#1a202c" text-anchor="end">+10</text>
<text x="172" y="125" fill="#1a202c" text-anchor="start">確定対象</text>
<rect x="1" y="137" width="268" height="34" fill="#edf2f7" />
<text x="10" y="159" fill="#1a202c" text-anchor="start">Dave</text>
<text x="162" y="159" fill="#1a202c" text-anchor="end">-20</text>
<text x="172" y="159" fill="#1a202c" text-anchor="start">未確定</text>
<rect x="1" y="171" width="268" height="34" fill="#f7fafc" />
<text x="10" y="193" fill="#1a202c" text-anchor="start">&lt;@5&gt;</text>
<text x="162" y="193" fill="#1a202c" text-anchor="end">-5</text>
<text x="172" y="193" fill="#1a202c" text-anchor="start">確定対象</text>
</g>
<g transform="translate(0, 226)">


<rect width="449" height="138" fill="#cbd5e0" rx="4" />
<rect x="1" y="1" width="447" height="34" fill="#4a5568" rx="3" />
<text x="10" y="22" fill="#ffffff" text-anchor="start">状態</text>
<text x="108" y="22" fill="#ffffff" text-anchor="start">支払人</text>
<text x="189" y="22" fill="#ffffff" text-anchor="start">受取人</text>
<text x="324" y="22" fill="#ffffff" text-anchor="end">金額</text>
<text x="439" y="22" fill="#ffffff" text-anchor="end">受取後残高</text>
<rect x="1" y="35" width="447" height="34" fill="#f7fafc" />
<text x="10" y="57" fill="#1a202c" text-anchor="start">確定済み</text>
<text x="108" y="57" fill="#1a202c" text-anchor="start">Alice</text>
<text x="189" y="57" fill="#1a202c" text-anchor="start">Bob</text>
<text x="324" y="57" fill="#1a202c" text-anchor="end">5</text>
<text x="439" y="57" fill="#1a202c" text-anchor="end">-10</text>
<rect x="1" y="69" width="447" height="34" fill="#edf2f7" />
<text x="10" y="91" fill="#1a202c" text-anchor="start">参考</text>
<text x="108" y="91" fill="#1a202c" text-anchor="start">Alice</text>
<text x="189" y="91" fill="#1a202c" text-anchor="start">&lt;@5&gt;</text>
<text x="324" y="91" fill="#1a202c" text-anchor="end">5</text>
<text x="439" y="91" fill="#1a202c" text-anchor="end">+0 ✓</text>
<rect x="1" y="103" width="447" height="34" fill="#f7fafc" />
<text x="10" y="125" fill="#1a202c" text-anchor="start">参考</text>
<text x="108" y="125" fill="#1a202c" text-anchor="start">Carol</text>
<text x="189" y="125" fill="#1a202c" text-anchor="start">Dave</text>
<text x="324" y="125" fill="#1a202c" text-anchor="end">10</text>
<text x="439" y="125" fill="#1a202c" text-anchor="end">-10</text>
</g>
</svg>
